** Drc report for anavi-macro-pad-12.kicad_pcb **
** Created on 2026-02-16T12:25:09+0100 **

** Found 163 DRC violations **
[footprint_type_mismatch]: Footprint component type doesn't match footprint pads (expected 'SMD'; actual 'Through hole')
    Local override; error
    @(117.9333 mm, 84.0729 mm): Footprint J1
[footprint_type_mismatch]: Footprint component type doesn't match footprint pads (expected 'SMD'; actual 'Through hole')
    Local override; error
    @(50.9333 mm, 97.9929 mm): Footprint J3
[footprint_type_mismatch]: Footprint component type doesn't match footprint pads (expected 'SMD'; actual 'Through hole')
    Local override; error
    @(50.9333 mm, 84.0729 mm): Footprint J2
[footprint_type_mismatch]: Footprint component type doesn't match footprint pads (expected 'SMD'; actual 'Through hole')
    Local override; error
    @(117.9333 mm, 98.0329 mm): Footprint J4
[footprint_type_mismatch]: Footprint component type doesn't match footprint pads (expected 'SMD'; actual 'Through hole')
    Local override; error
    @(50.8750 mm, 122.1300 mm): Footprint J6
[footprint_type_mismatch]: Footprint component type doesn't match footprint pads (expected 'SMD'; actual 'Through hole')
    Local override; error
    @(117.9250 mm, 122.1550 mm): Footprint J5
[starved_thermal]: Thermal relief connection to zone incomplete (layer B.Cu; zone min spoke count 2; actual 1)
    Local override; error
    @(137.9969 mm, 185.4200 mm): Zone [GND] on B.Cu, priority 0
    @(117.9250 mm, 117.0750 mm): Pad 3 [GND] of J5 on B.Cu
[solder_mask_bridge]: Front solder mask aperture bridges items with different nets
    Rule: board setup solder mask min width; error
    @(89.5937 mm, 29.4255 mm): Pad 1 [Net-(Q1-Pad1)] of U1 on F.Cu
    @(89.5937 mm, 31.9655 mm): Pad 2 [Net-(SW10-Pad1)] of U1 on F.Cu
[solder_mask_bridge]: Front solder mask aperture bridges items with different nets
    Rule: board setup solder mask min width; error
    @(89.5937 mm, 31.9655 mm): Pad 2 [Net-(SW10-Pad1)] of U1 on F.Cu
    @(89.5937 mm, 34.5055 mm): Pad 3 [Net-(SW7-Pad1)] of U1 on F.Cu
[solder_mask_bridge]: Front solder mask aperture bridges items with different nets
    Rule: board setup solder mask min width; error
    @(89.5937 mm, 34.5055 mm): Pad 3 [Net-(SW7-Pad1)] of U1 on F.Cu
    @(89.5937 mm, 37.0455 mm): Pad 4 [Net-(SW4-Pad1)] of U1 on F.Cu
[solder_mask_bridge]: Front solder mask aperture bridges items with different nets
    Rule: board setup solder mask min width; error
    @(89.5937 mm, 37.0455 mm): Pad 4 [Net-(SW4-Pad1)] of U1 on F.Cu
    @(89.5937 mm, 39.5855 mm): Pad 5 [Net-(I2C1-Pad1)] of U1 on F.Cu
[solder_mask_bridge]: Front solder mask aperture bridges items with different nets
    Rule: board setup solder mask min width; error
    @(89.5937 mm, 39.5855 mm): Pad 5 [Net-(I2C1-Pad1)] of U1 on F.Cu
    @(89.5937 mm, 42.1255 mm): Pad 6 [Net-(I2C1-Pad2)] of U1 on F.Cu
[solder_mask_bridge]: Front solder mask aperture bridges items with different nets
    Rule: board setup solder mask min width; error
    @(89.5937 mm, 42.1255 mm): Pad 6 [Net-(I2C1-Pad2)] of U1 on F.Cu
    @(89.5937 mm, 44.6655 mm): Pad 7 [Net-(D1-Pad2)] of U1 on F.Cu
[solder_mask_bridge]: Front solder mask aperture bridges items with different nets
    Rule: board setup solder mask min width; error
    @(105.7583 mm, 44.6655 mm): Pad 8 [Net-(SW1-Pad1)] of U1 on F.Cu
    @(105.7583 mm, 42.1255 mm): Pad 9 [Net-(D11-Pad2)] of U1 on F.Cu
[solder_mask_bridge]: Front solder mask aperture bridges items with different nets
    Rule: board setup solder mask min width; error
    @(105.7583 mm, 42.1255 mm): Pad 9 [Net-(D11-Pad2)] of U1 on F.Cu
    @(105.7583 mm, 39.5855 mm): Pad 10 [Net-(D12-Pad2)] of U1 on F.Cu
[solder_mask_bridge]: Front solder mask aperture bridges items with different nets
    Rule: board setup solder mask min width; error
    @(105.7583 mm, 39.5855 mm): Pad 10 [Net-(D12-Pad2)] of U1 on F.Cu
    @(105.7583 mm, 37.0455 mm): Pad 11 [Net-(R13-Pad2)] of U1 on F.Cu
[solder_mask_bridge]: Front solder mask aperture bridges items with different nets
    Rule: board setup solder mask min width; error
    @(105.7583 mm, 37.0455 mm): Pad 11 [Net-(R13-Pad2)] of U1 on F.Cu
    @(105.7583 mm, 34.5055 mm): Pad 12 [+3V3] of U1 on F.Cu
[solder_mask_bridge]: Front solder mask aperture bridges items with different nets
    Rule: board setup solder mask min width; error
    @(105.7583 mm, 34.5055 mm): Pad 12 [+3V3] of U1 on F.Cu
    @(105.7583 mm, 31.9655 mm): Pad 13 [GND] of U1 on F.Cu
[solder_mask_bridge]: Front solder mask aperture bridges items with different nets
    Rule: board setup solder mask min width; error
    @(105.7583 mm, 31.9655 mm): Pad 13 [GND] of U1 on F.Cu
    @(105.7583 mm, 29.4255 mm): Pad 14 [+5V] of U1 on F.Cu
[lib_footprint_mismatch]: Footprint 'LED_1206_3216Metric' does not match copy in library 'LED_SMD'.
    Local override; warning
    @(84.9333 mm, 64.2942 mm): Footprint L2
[lib_footprint_mismatch]: Footprint 'LED_1206_3216Metric' does not match copy in library 'LED_SMD'.
    Local override; warning
    @(64.9574 mm, 83.2172 mm): Footprint L4
[lib_footprint_mismatch]: Footprint 'LED_1206_3216Metric' does not match copy in library 'LED_SMD'.
    Local override; warning
    @(84.8964 mm, 83.2172 mm): Footprint L5
[lib_footprint_mismatch]: Footprint 'LED_1206_3216Metric' does not match copy in library 'LED_SMD'.
    Local override; warning
    @(64.9333 mm, 102.2639 mm): Footprint L7
[lib_footprint_mismatch]: Footprint 'LED_1206_3216Metric' does not match copy in library 'LED_SMD'.
    Local override; warning
    @(84.9364 mm, 102.2639 mm): Footprint L8
[lib_footprint_mismatch]: Footprint 'LED_1206_3216Metric' does not match copy in library 'LED_SMD'.
    Local override; warning
    @(104.9333 mm, 102.2672 mm): Footprint L9
[lib_footprint_issues]: The current configuration does not include the footprint library 'TO_SOT_Packages_SMD'.
    Local override; warning
    @(82.2500 mm, 30.4508 mm): Footprint Q1
[lib_footprint_issues]: The current configuration does not include the footprint library 'Resistors_SMD'.
    Local override; warning
    @(112.2250 mm, 36.1000 mm): Footprint R13
[lib_footprint_mismatch]: Footprint 'Seeeduino XIAO-MOUDLE14P-2.54-21X17.8MM' does not match copy in library 'xiao'.
    Local override; warning
    @(88.7606 mm, 47.5433 mm): Footprint U1
[lib_footprint_mismatch]: Footprint 'LED_1206_3216Metric' does not match copy in library 'LED_SMD'.
    Local override; warning
    @(104.9654 mm, 64.2942 mm): Footprint L3
[lib_footprint_mismatch]: Footprint 'LED_1206_3216Metric' does not match copy in library 'LED_SMD'.
    Local override; warning
    @(64.9333 mm, 64.2942 mm): Footprint L1
[lib_footprint_mismatch]: Footprint 'LED_1206_3216Metric' does not match copy in library 'LED_SMD'.
    Local override; warning
    @(104.9654 mm, 83.3442 mm): Footprint L6
[lib_footprint_mismatch]: Footprint 'MountingHole_3.2mm_M3_DIN965_Pad' does not match copy in library 'MountingHole'.
    Local override; warning
    @(115.8969 mm, 138.6500 mm): Footprint REF**
[lib_footprint_mismatch]: Footprint 'MountingHole_3.2mm_M3_DIN965_Pad' does not match copy in library 'MountingHole'.
    Local override; warning
    @(115.9969 mm, 31.4917 mm): Footprint REF**
[lib_footprint_mismatch]: Footprint 'MountingHole_3.2mm_M3_DIN965_Pad' does not match copy in library 'MountingHole'.
    Local override; warning
    @(52.8969 mm, 138.6500 mm): Footprint REF**
[lib_footprint_mismatch]: Footprint 'LED_1206_3216Metric' does not match copy in library 'LED_SMD'.
    Local override; warning
    @(84.9364 mm, 121.4639 mm): Footprint L11
[lib_footprint_mismatch]: Footprint 'PinHeader_1x04_P2.54mm_Vertical' does not match copy in library 'Connector_PinHeader_2.54mm'.
    Local override; warning
    @(71.6180 mm, 30.1752 mm): Footprint I2C
[lib_footprint_mismatch]: Footprint 'LED_1206_3216Metric' does not match copy in library 'LED_SMD'.
    Local override; warning
    @(104.9364 mm, 121.3639 mm): Footprint L12
[lib_footprint_mismatch]: Footprint 'LED_1206_3216Metric' does not match copy in library 'LED_SMD'.
    Local override; warning
    @(64.8364 mm, 121.4639 mm): Footprint L10
[lib_footprint_mismatch]: Footprint 'D_SOD-123' does not match copy in library 'Diode_SMD'.
    Local override; warning
    @(75.9364 mm, 71.0639 mm): Footprint D2
[lib_footprint_mismatch]: Footprint 'D_SOD-123' does not match copy in library 'Diode_SMD'.
    Local override; warning
    @(95.9364 mm, 71.0639 mm): Footprint D3
[lib_footprint_mismatch]: Footprint 'D_SOD-123' does not match copy in library 'Diode_SMD'.
    Local override; warning
    @(54.9364 mm, 90.0639 mm): Footprint D4
[lib_footprint_mismatch]: Footprint 'D_SOD-123' does not match copy in library 'Diode_SMD'.
    Local override; warning
    @(75.9364 mm, 90.0639 mm): Footprint D5
[lib_footprint_mismatch]: Footprint 'D_SOD-123' does not match copy in library 'Diode_SMD'.
    Local override; warning
    @(95.9364 mm, 90.0639 mm): Footprint D6
[lib_footprint_mismatch]: Footprint 'D_SOD-123' does not match copy in library 'Diode_SMD'.
    Local override; warning
    @(54.9364 mm, 109.0639 mm): Footprint D7
[lib_footprint_mismatch]: Footprint 'D_SOD-123' does not match copy in library 'Diode_SMD'.
    Local override; warning
    @(75.9364 mm, 109.0639 mm): Footprint D8
[lib_footprint_mismatch]: Footprint 'D_SOD-123' does not match copy in library 'Diode_SMD'.
    Local override; warning
    @(95.9364 mm, 109.0639 mm): Footprint D9
[lib_footprint_mismatch]: Footprint 'D_SOD-123' does not match copy in library 'Diode_SMD'.
    Local override; warning
    @(54.9364 mm, 71.0639 mm): Footprint D1
[lib_footprint_mismatch]: Footprint 'D_SOD-123' does not match copy in library 'Diode_SMD'.
    Local override; warning
    @(54.9364 mm, 128.0639 mm): Footprint D10
[lib_footprint_mismatch]: Footprint 'D_SOD-123' does not match copy in library 'Diode_SMD'.
    Local override; warning
    @(75.9364 mm, 128.0639 mm): Footprint D11
[lib_footprint_mismatch]: Footprint 'D_SOD-123' does not match copy in library 'Diode_SMD'.
    Local override; warning
    @(95.9364 mm, 128.0639 mm): Footprint D12
[text_thickness]: Text thickness out of range (board setup constraints silk text thickness min thickness 0.0800 mm; actual 0.0762 mm)
    Rule: board setup constraints silk text thickness; warning
    @(97.6506 mm, 36.7483 mm): Value field of U1 (SeeeduinoXIAO)
[text_height]: Text height out of range (board setup constraints silk text height min height 0.8000 mm; actual 0.6096 mm)
    Rule: board setup constraints silk text height; warning
    @(97.6506 mm, 36.7483 mm): Value field of U1 (SeeeduinoXIAO)
[silk_over_copper]: Silkscreen clipped by solder mask
    Local override; warning
    @(58.3353 mm, 33.7675 mm): Segment of R1 on F.Silkscreen
[silk_over_copper]: Silkscreen clipped by solder mask
    Local override; warning
    @(58.3353 mm, 34.8125 mm): Segment of R1 on F.Silkscreen
[silk_over_copper]: Silkscreen clipped by solder mask
    Local override; warning
    @(67.4598 mm, 33.7675 mm): Segment of R2 on F.Silkscreen
[silk_over_copper]: Silkscreen clipped by solder mask
    Local override; warning
    @(67.4598 mm, 34.8125 mm): Segment of R2 on F.Silkscreen
[silk_over_copper]: Silkscreen clipped by solder mask
    Local override; warning
    @(76.7738 mm, 33.7675 mm): Segment of R3 on F.Silkscreen
[silk_over_copper]: Silkscreen clipped by solder mask
    Local override; warning
    @(76.7738 mm, 34.8125 mm): Segment of R3 on F.Silkscreen
[silk_over_copper]: Silkscreen clipped by solder mask
    Local override; warning
    @(58.3353 mm, 38.8475 mm): Segment of R4 on F.Silkscreen
[silk_over_copper]: Silkscreen clipped by solder mask
    Local override; warning
    @(58.3353 mm, 39.8925 mm): Segment of R4 on F.Silkscreen
[silk_over_copper]: Silkscreen clipped by solder mask
    Local override; warning
    @(67.5633 mm, 38.8475 mm): Segment of R5 on F.Silkscreen
[silk_over_copper]: Silkscreen clipped by solder mask
    Local override; warning
    @(67.5633 mm, 39.8925 mm): Segment of R5 on F.Silkscreen
[silk_over_copper]: Silkscreen clipped by solder mask
    Local override; warning
    @(76.7738 mm, 38.8475 mm): Segment of R6 on F.Silkscreen
[silk_over_copper]: Silkscreen clipped by solder mask
    Local override; warning
    @(76.7738 mm, 39.8925 mm): Segment of R6 on F.Silkscreen
[silk_over_copper]: Silkscreen clipped by solder mask
    Local override; warning
    @(58.3353 mm, 43.9275 mm): Segment of R7 on F.Silkscreen
[silk_over_copper]: Silkscreen clipped by solder mask
    Local override; warning
    @(58.3353 mm, 44.9725 mm): Segment of R7 on F.Silkscreen
[silk_over_copper]: Silkscreen clipped by solder mask
    Local override; warning
    @(67.4598 mm, 43.9275 mm): Segment of R8 on F.Silkscreen
[silk_over_copper]: Silkscreen clipped by solder mask
    Local override; warning
    @(67.4598 mm, 44.9725 mm): Segment of R8 on F.Silkscreen
[silk_over_copper]: Silkscreen clipped by solder mask
    Local override; warning
    @(76.6038 mm, 43.9275 mm): Segment of R9 on F.Silkscreen
[silk_over_copper]: Silkscreen clipped by solder mask
    Local override; warning
    @(76.6038 mm, 44.9725 mm): Segment of R9 on F.Silkscreen
[silk_over_copper]: Silkscreen clipped by solder mask
    Local override; warning
    @(111.7250 mm, 35.4250 mm): Segment of R13 on F.Silkscreen
[silk_over_copper]: Silkscreen clipped by solder mask
    Local override; warning
    @(112.7250 mm, 36.7750 mm): Segment of R13 on F.Silkscreen
[silk_over_copper]: Silkscreen clipped by solder mask
    Local override; warning
    @(59.8533 mm, 73.5889 mm): Segment of SW1 on B.Silkscreen
[silk_over_copper]: Silkscreen clipped by solder mask
    Local override; warning
    @(59.8533 mm, 77.0179 mm): Segment of SW1 on B.Silkscreen
[silk_over_copper]: Silkscreen clipped by solder mask
    Local override; warning
    @(67.3974 mm, 70.6679 mm): Segment of SW1 on B.Silkscreen
[silk_over_copper]: Silkscreen clipped by solder mask
    Local override; warning
    @(70.9023 mm, 70.6679 mm): Segment of SW1 on B.Silkscreen
[silk_over_copper]: Silkscreen clipped by solder mask
    Local override; warning
    @(71.2833 mm, 71.0489 mm): Segment of SW1 on B.Silkscreen
[silk_over_copper]: Silkscreen clipped by solder mask
    Local override; warning
    @(71.2833 mm, 74.4779 mm): Segment of SW1 on B.Silkscreen
[silk_over_copper]: Silkscreen clipped by solder mask
    Local override; warning
    @(79.8533 mm, 73.5889 mm): Segment of SW2 on B.Silkscreen
[silk_over_copper]: Silkscreen clipped by solder mask
    Local override; warning
    @(79.8533 mm, 77.0179 mm): Segment of SW2 on B.Silkscreen
[silk_over_copper]: Silkscreen clipped by solder mask
    Local override; warning
    @(87.3974 mm, 70.6679 mm): Segment of SW2 on B.Silkscreen
[silk_over_copper]: Silkscreen clipped by solder mask
    Local override; warning
    @(90.9023 mm, 70.6679 mm): Segment of SW2 on B.Silkscreen
[silk_over_copper]: Silkscreen clipped by solder mask
    Local override; warning
    @(91.2833 mm, 71.0489 mm): Segment of SW2 on B.Silkscreen
[silk_over_copper]: Silkscreen clipped by solder mask
    Local override; warning
    @(91.2833 mm, 74.4779 mm): Segment of SW2 on B.Silkscreen
[silk_over_copper]: Silkscreen clipped by solder mask
    Local override; warning
    @(99.8533 mm, 73.5889 mm): Segment of SW3 on B.Silkscreen
[silk_over_copper]: Silkscreen clipped by solder mask
    Local override; warning
    @(99.8533 mm, 77.0179 mm): Segment of SW3 on B.Silkscreen
[silk_over_copper]: Silkscreen clipped by solder mask
    Local override; warning
    @(107.3974 mm, 70.6679 mm): Segment of SW3 on B.Silkscreen
[silk_over_copper]: Silkscreen clipped by solder mask
    Local override; warning
    @(110.9023 mm, 70.6679 mm): Segment of SW3 on B.Silkscreen
[silk_over_copper]: Silkscreen clipped by solder mask
    Local override; warning
    @(111.2833 mm, 71.0489 mm): Segment of SW3 on B.Silkscreen
[silk_over_copper]: Silkscreen clipped by solder mask
    Local override; warning
    @(111.2833 mm, 74.4779 mm): Segment of SW3 on B.Silkscreen
[silk_over_copper]: Silkscreen clipped by solder mask
    Local override; warning
    @(59.8533 mm, 92.5889 mm): Segment of SW4 on B.Silkscreen
[silk_over_copper]: Silkscreen clipped by solder mask
    Local override; warning
    @(59.8533 mm, 96.0179 mm): Segment of SW4 on B.Silkscreen
[silk_over_copper]: Silkscreen clipped by solder mask
    Local override; warning
    @(67.3974 mm, 89.6679 mm): Segment of SW4 on B.Silkscreen
[silk_over_copper]: Silkscreen clipped by solder mask
    Local override; warning
    @(70.9023 mm, 89.6679 mm): Segment of SW4 on B.Silkscreen
[silk_over_copper]: Silkscreen clipped by solder mask
    Local override; warning
    @(71.2833 mm, 90.0489 mm): Segment of SW4 on B.Silkscreen
[silk_over_copper]: Silkscreen clipped by solder mask
    Local override; warning
    @(71.2833 mm, 93.4779 mm): Segment of SW4 on B.Silkscreen
[silk_over_copper]: Silkscreen clipped by solder mask
    Local override; warning
    @(79.8533 mm, 92.5889 mm): Segment of SW5 on B.Silkscreen
[silk_over_copper]: Silkscreen clipped by solder mask
    Local override; warning
    @(79.8533 mm, 96.0179 mm): Segment of SW5 on B.Silkscreen
[silk_over_copper]: Silkscreen clipped by solder mask
    Local override; warning
    @(87.3974 mm, 89.6679 mm): Segment of SW5 on B.Silkscreen
[silk_over_copper]: Silkscreen clipped by solder mask
    Local override; warning
    @(90.9023 mm, 89.6679 mm): Segment of SW5 on B.Silkscreen
[silk_over_copper]: Silkscreen clipped by solder mask
    Local override; warning
    @(91.2833 mm, 90.0489 mm): Segment of SW5 on B.Silkscreen
[silk_over_copper]: Silkscreen clipped by solder mask
    Local override; warning
    @(91.2833 mm, 93.4779 mm): Segment of SW5 on B.Silkscreen
[silk_over_copper]: Silkscreen clipped by solder mask
    Local override; warning
    @(99.8533 mm, 92.5889 mm): Segment of SW6 on B.Silkscreen
[silk_over_copper]: Silkscreen clipped by solder mask
    Local override; warning
    @(99.8533 mm, 96.0179 mm): Segment of SW6 on B.Silkscreen
[silk_over_copper]: Silkscreen clipped by solder mask
    Local override; warning
    @(107.3974 mm, 89.6679 mm): Segment of SW6 on B.Silkscreen
[silk_over_copper]: Silkscreen clipped by solder mask
    Local override; warning
    @(110.9023 mm, 89.6679 mm): Segment of SW6 on B.Silkscreen
[silk_over_copper]: Silkscreen clipped by solder mask
    Local override; warning
    @(111.2833 mm, 90.0489 mm): Segment of SW6 on B.Silkscreen
[silk_over_copper]: Silkscreen clipped by solder mask
    Local override; warning
    @(111.2833 mm, 93.4779 mm): Segment of SW6 on B.Silkscreen
[silk_over_copper]: Silkscreen clipped by solder mask
    Local override; warning
    @(59.8533 mm, 111.5889 mm): Segment of SW7 on B.Silkscreen
[silk_over_copper]: Silkscreen clipped by solder mask
    Local override; warning
    @(59.8533 mm, 115.0179 mm): Segment of SW7 on B.Silkscreen
[silk_over_copper]: Silkscreen clipped by solder mask
    Local override; warning
    @(67.3974 mm, 108.6679 mm): Segment of SW7 on B.Silkscreen
[silk_over_copper]: Silkscreen clipped by solder mask
    Local override; warning
    @(70.9023 mm, 108.6679 mm): Segment of SW7 on B.Silkscreen
[silk_over_copper]: Silkscreen clipped by solder mask
    Local override; warning
    @(71.2833 mm, 109.0489 mm): Segment of SW7 on B.Silkscreen
[silk_over_copper]: Silkscreen clipped by solder mask
    Local override; warning
    @(71.2833 mm, 112.4779 mm): Segment of SW7 on B.Silkscreen
[silk_over_copper]: Silkscreen clipped by solder mask
    Local override; warning
    @(79.8533 mm, 111.5889 mm): Segment of SW8 on B.Silkscreen
[silk_over_copper]: Silkscreen clipped by solder mask
    Local override; warning
    @(79.8533 mm, 115.0179 mm): Segment of SW8 on B.Silkscreen
[silk_over_copper]: Silkscreen clipped by solder mask
    Local override; warning
    @(87.3974 mm, 108.6679 mm): Segment of SW8 on B.Silkscreen
[silk_over_copper]: Silkscreen clipped by solder mask
    Local override; warning
    @(90.9023 mm, 108.6679 mm): Segment of SW8 on B.Silkscreen
[silk_over_copper]: Silkscreen clipped by solder mask
    Local override; warning
    @(91.2833 mm, 109.0489 mm): Segment of SW8 on B.Silkscreen
[silk_over_copper]: Silkscreen clipped by solder mask
    Local override; warning
    @(91.2833 mm, 112.4779 mm): Segment of SW8 on B.Silkscreen
[silk_over_copper]: Silkscreen clipped by solder mask
    Local override; warning
    @(99.8533 mm, 111.5889 mm): Segment of SW9 on B.Silkscreen
[silk_over_copper]: Silkscreen clipped by solder mask
    Local override; warning
    @(99.8533 mm, 115.0179 mm): Segment of SW9 on B.Silkscreen
[silk_over_copper]: Silkscreen clipped by solder mask
    Local override; warning
    @(107.3974 mm, 108.6679 mm): Segment of SW9 on B.Silkscreen
[silk_over_copper]: Silkscreen clipped by solder mask
    Local override; warning
    @(110.9023 mm, 108.6679 mm): Segment of SW9 on B.Silkscreen
[silk_over_copper]: Silkscreen clipped by solder mask
    Local override; warning
    @(111.2833 mm, 109.0489 mm): Segment of SW9 on B.Silkscreen
[silk_over_copper]: Silkscreen clipped by solder mask
    Local override; warning
    @(111.2833 mm, 112.4779 mm): Segment of SW9 on B.Silkscreen
[silk_over_copper]: Silkscreen clipped by solder mask
    Local override; warning
    @(87.8716 mm, 29.3823 mm): Circle of U1 on F.Silkscreen
[silk_over_copper]: Silkscreen clipped by solder mask
    Local override; warning
    @(76.6078 mm, 49.0075 mm): Segment of R12 on F.Silkscreen
[silk_over_copper]: Silkscreen clipped by solder mask
    Local override; warning
    @(76.6078 mm, 50.0525 mm): Segment of R12 on F.Silkscreen
[silk_over_copper]: Silkscreen clipped by solder mask
    Local override; warning
    @(59.8042 mm, 130.7660 mm): Segment of SW10 on B.Silkscreen
[silk_over_copper]: Silkscreen clipped by solder mask
    Local override; warning
    @(59.8042 mm, 134.1950 mm): Segment of SW10 on B.Silkscreen
[silk_over_copper]: Silkscreen clipped by solder mask
    Local override; warning
    @(67.3484 mm, 127.8450 mm): Segment of SW10 on B.Silkscreen
[silk_over_copper]: Silkscreen clipped by solder mask
    Local override; warning
    @(70.8532 mm, 127.8450 mm): Segment of SW10 on B.Silkscreen
[silk_over_copper]: Silkscreen clipped by solder mask
    Local override; warning
    @(71.2342 mm, 128.2260 mm): Segment of SW10 on B.Silkscreen
[silk_over_copper]: Silkscreen clipped by solder mask
    Local override; warning
    @(71.2342 mm, 131.6550 mm): Segment of SW10 on B.Silkscreen
[silk_over_copper]: Silkscreen clipped by solder mask
    Local override; warning
    @(79.8448 mm, 130.7660 mm): Segment of SW11 on B.Silkscreen
[silk_over_copper]: Silkscreen clipped by solder mask
    Local override; warning
    @(79.8448 mm, 134.1950 mm): Segment of SW11 on B.Silkscreen
[silk_over_copper]: Silkscreen clipped by solder mask
    Local override; warning
    @(87.3890 mm, 127.8450 mm): Segment of SW11 on B.Silkscreen
[silk_over_copper]: Silkscreen clipped by solder mask
    Local override; warning
    @(90.8938 mm, 127.8450 mm): Segment of SW11 on B.Silkscreen
[silk_over_copper]: Silkscreen clipped by solder mask
    Local override; warning
    @(91.2748 mm, 128.2260 mm): Segment of SW11 on B.Silkscreen
[silk_over_copper]: Silkscreen clipped by solder mask
    Local override; warning
    @(91.2748 mm, 131.6550 mm): Segment of SW11 on B.Silkscreen
[silk_over_copper]: Silkscreen clipped by solder mask
    Local override; warning
    @(58.3353 mm, 49.0075 mm): Segment of R10 on F.Silkscreen
[silk_over_copper]: Silkscreen clipped by solder mask
    Local override; warning
    @(58.3353 mm, 50.0525 mm): Segment of R10 on F.Silkscreen
[silk_over_copper]: Silkscreen clipped by solder mask
    Local override; warning
    @(67.5633 mm, 49.0075 mm): Segment of R11 on F.Silkscreen
[silk_over_copper]: Silkscreen clipped by solder mask
    Local override; warning
    @(67.5633 mm, 50.0525 mm): Segment of R11 on F.Silkscreen
[silk_over_copper]: Silkscreen clipped by solder mask
    Local override; warning
    @(99.8600 mm, 130.7660 mm): Segment of SW12 on B.Silkscreen
[silk_over_copper]: Silkscreen clipped by solder mask
    Local override; warning
    @(99.8600 mm, 134.1950 mm): Segment of SW12 on B.Silkscreen
[silk_over_copper]: Silkscreen clipped by solder mask
    Local override; warning
    @(107.4042 mm, 127.8450 mm): Segment of SW12 on B.Silkscreen
[silk_over_copper]: Silkscreen clipped by solder mask
    Local override; warning
    @(110.9090 mm, 127.8450 mm): Segment of SW12 on B.Silkscreen
[silk_over_copper]: Silkscreen clipped by solder mask
    Local override; warning
    @(111.2900 mm, 128.2260 mm): Segment of SW12 on B.Silkscreen
[silk_over_copper]: Silkscreen clipped by solder mask
    Local override; warning
    @(111.2900 mm, 131.6550 mm): Segment of SW12 on B.Silkscreen
[silk_over_copper]: Silkscreen clipped by solder mask
    Local override; warning
    @(76.9364 mm, 73.3139 mm): Segment of D2 on B.Silkscreen
[silk_over_copper]: Silkscreen clipped by solder mask
    Local override; warning
    @(96.9364 mm, 73.3139 mm): Segment of D3 on B.Silkscreen
[silk_over_copper]: Silkscreen clipped by solder mask
    Local override; warning
    @(55.9364 mm, 92.3139 mm): Segment of D4 on B.Silkscreen
[silk_over_copper]: Silkscreen clipped by solder mask
    Local override; warning
    @(76.9364 mm, 92.3139 mm): Segment of D5 on B.Silkscreen
[silk_over_copper]: Silkscreen clipped by solder mask
    Local override; warning
    @(96.9364 mm, 92.3139 mm): Segment of D6 on B.Silkscreen
[silk_over_copper]: Silkscreen clipped by solder mask
    Local override; warning
    @(55.9364 mm, 111.3139 mm): Segment of D7 on B.Silkscreen
[silk_over_copper]: Silkscreen clipped by solder mask
    Local override; warning
    @(76.9364 mm, 111.3139 mm): Segment of D8 on B.Silkscreen
[silk_over_copper]: Silkscreen clipped by solder mask
    Local override; warning
    @(96.9364 mm, 111.3139 mm): Segment of D9 on B.Silkscreen
[silk_over_copper]: Silkscreen clipped by solder mask
    Local override; warning
    @(55.9364 mm, 73.3139 mm): Segment of D1 on B.Silkscreen
[silk_over_copper]: Silkscreen clipped by solder mask
    Local override; warning
    @(55.9364 mm, 130.3139 mm): Segment of D10 on B.Silkscreen
[silk_over_copper]: Silkscreen clipped by solder mask
    Local override; warning
    @(76.9364 mm, 130.3139 mm): Segment of D11 on B.Silkscreen
[silk_over_copper]: Silkscreen clipped by solder mask
    Local override; warning
    @(96.9364 mm, 130.3139 mm): Segment of D12 on B.Silkscreen

** Found 0 unconnected pads **

** Found 0 Footprint errors **

** End of Report **
